// Jest Snapshot v1, https://goo.gl/fbAQLP

exports[`<Author /> should render 1`] = `
<div>
  <h1 />
  <div />
</div>
`;
