// Jest Snapshot v1, https://goo.gl/fbAQLP

exports[`<Home /> should render 1`] = `
<div>
  <h1>
    
  </h1>
  <div
    className="container"
  >
    <div
      className="row"
    >
      <div
        className="col"
      >
        <QuoteList />
      </div>
    </div>
  </div>
</div>
`;
